// Jest Snapshot v1, https://goo.gl/fbAQLP

exports[`Render GenresList component 1`] = `
<ul
  className="catalog__genres-list"
>
  <li
    className="catalog__genres-item "
    id="id1"
  >
    <a
      className="catalog__genres-link"
      href="#"
      onClick={[Function]}
    >
      id1
    </a>
  </li>
  <li
    className="catalog__genres-item "
    id="id2"
  >
    <a
      className="catalog__genres-link"
      href="#"
      onClick={[Function]}
    >
      id2
    </a>
  </li>
</ul>
`;
